// Jest Snapshot v1, https://goo.gl/fbAQLP

exports[`Register 2`] = `
Object {
  "data": Object {
    "register": Object {
      "user": Object {
        "avatarUrl": null,
        "createdAt": "[timestamp-1]",
        "isAdmin": false,
        "isVerified": false,
        "name": "Test Name",
        "rowId": "[id-1]",
        "updatedAt": "[timestamp-1]",
        "username": "[username-1]",
      },
    },
  },
}
`;
